Archive member included because of file (symbol)

C:/Freescale/CW MCU v10.4/MCU/ARM_GCC_Support/ewl/lib/armv6-m\libc.a(exit.o)
                              ./Project_Settings/Startup_Code/__arm_start.o (exit)
C:/Freescale/CW MCU v10.4/MCU/ARM_GCC_Support/ewl/lib/armv6-m\libc.a(memset.o)
                              ./Project_Settings/Startup_Code/__arm_start.o (memset)
C:/Freescale/CW MCU v10.4/MCU/ARM_GCC_Support/ewl/lib/armv6-m\libc.a(printformat_.o)
                              (__pformatter_)
C:/Freescale/CW MCU v10.4/MCU/ARM_GCC_Support/ewl/lib/armv6-m\libc.a(scanformat_.o)
                              (__sformatter)
C:/Freescale/CW MCU v10.4/MCU/ARM_GCC_Support/ewl/lib/armv6-m\libc.a(ctype_aeabi.o)
                              C:/Freescale/CW MCU v10.4/MCU/ARM_GCC_Support/ewl/lib/armv6-m\libc.a(scanformat_.o) (isspace)
C:/Freescale/CW MCU v10.4/MCU/ARM_GCC_Support/ewl/lib/armv6-m\libc.a(__strtoul.o)
                              C:/Freescale/CW MCU v10.4/MCU/ARM_GCC_Support/ewl/lib/armv6-m\libc.a(scanformat_.o) (__strtoul)
C:/Freescale/CW MCU v10.4/MCU/ARM_GCC_Support/ewl/lib/armv6-m\libc.a(__filll_mem.o)
                              C:/Freescale/CW MCU v10.4/MCU/ARM_GCC_Support/ewl/lib/armv6-m\libc.a(memset.o) (__fill_mem)
C:/Freescale/CW MCU v10.4/MCU/ARM_GCC_Support/ewl/lib/armv6-m\libc.a(memchr.o)
                              C:/Freescale/CW MCU v10.4/MCU/ARM_GCC_Support/ewl/lib/armv6-m\libc.a(printformat_.o) (memchr)
C:/Freescale/CW MCU v10.4/MCU/ARM_GCC_Support/ewl/lib/armv6-m\libc.a(memcpy.o)
                              C:/Freescale/CW MCU v10.4/MCU/ARM_GCC_Support/ewl/lib/armv6-m\libc.a(scanformat_.o) (memcpy)
C:/Freescale/CW MCU v10.4/MCU/ARM_GCC_Support/ewl/lib/armv6-m\libc.a(strchr.o)
                              C:/Freescale/CW MCU v10.4/MCU/ARM_GCC_Support/ewl/lib/armv6-m\libc.a(printformat_.o) (strchr)
C:/Freescale/CW MCU v10.4/MCU/ARM_GCC_Support/ewl/lib/armv6-m\libc.a(strlen.o)
                              C:/Freescale/CW MCU v10.4/MCU/ARM_GCC_Support/ewl/lib/armv6-m\libc.a(printformat_.o) (strlen)
c:/freescale/cw mcu v10.4/cross_tools/arm-none-eabi-gcc-4_7_3/bin/../lib/gcc/arm-none-eabi/4.7.3/armv6-m\libgcc.a(_thumb1_case_sqi.o)
                              C:/Freescale/CW MCU v10.4/MCU/ARM_GCC_Support/ewl/lib/armv6-m\libc.a(__strtoul.o) (__gnu_thumb1_case_sqi)
c:/freescale/cw mcu v10.4/cross_tools/arm-none-eabi-gcc-4_7_3/bin/../lib/gcc/arm-none-eabi/4.7.3/armv6-m\libgcc.a(_thumb1_case_uqi.o)
                              C:/Freescale/CW MCU v10.4/MCU/ARM_GCC_Support/ewl/lib/armv6-m\libc.a(scanformat_.o) (__gnu_thumb1_case_uqi)
c:/freescale/cw mcu v10.4/cross_tools/arm-none-eabi-gcc-4_7_3/bin/../lib/gcc/arm-none-eabi/4.7.3/armv6-m\libgcc.a(_udivsi3.o)
                              ./Sources/main.o (__aeabi_uidiv)
c:/freescale/cw mcu v10.4/cross_tools/arm-none-eabi-gcc-4_7_3/bin/../lib/gcc/arm-none-eabi/4.7.3/armv6-m\libgcc.a(_divsi3.o)
                              ./Sources/lcd.o (__aeabi_idiv)
c:/freescale/cw mcu v10.4/cross_tools/arm-none-eabi-gcc-4_7_3/bin/../lib/gcc/arm-none-eabi/4.7.3/armv6-m\libgcc.a(_dvmd_tls.o)
                              c:/freescale/cw mcu v10.4/cross_tools/arm-none-eabi-gcc-4_7_3/bin/../lib/gcc/arm-none-eabi/4.7.3/armv6-m\libgcc.a(_udivsi3.o) (__aeabi_idiv0)
C:/Freescale/CW MCU v10.4/MCU/ARM_GCC_Support/ewl/lib/armv6-m\librt.a(gcc_ctor_dtor.o)
                              ./Project_Settings/Startup_Code/__arm_start.o (__init_cpp)
C:/Freescale/CW MCU v10.4/MCU/ARM_GCC_Support/ewl/lib/armv6-m\librt.a(ROMCopy.o)
                              ./Project_Settings/Startup_Code/__arm_start.o (__copy_rom_sections_to_ram)
C:/Freescale/CW MCU v10.4/MCU/ARM_GCC_Support/ewl/lib/armv6-m\librt.a(__arm_eabi_init.o)
                              C:/Freescale/CW MCU v10.4/MCU/ARM_GCC_Support/ewl/lib/armv6-m\libc.a(exit.o) (__destroy_global_chain)

Allocating common symbols
Common symbol       size              file

x                   0x4               ./Sources/rtc.o
pos                 0x4               ./Sources/rtc.o
dif                 0x4               ./Sources/main.o
botones             0x4               ./Sources/main.o
alarm               0x4               ./Sources/rtc.o
ekis                0x4               ./Sources/main.o
r                   0x4               ./Sources/rtc.o
InputADC            0x4               ./Sources/main.o
i                   0x4               ./Sources/rtc.o
dec                 0x4               ./Sources/rtc.o
read                0x4               ./Sources/main.o
uni                 0x4               ./Sources/rtc.o
escritura           0x4               ./Sources/rtc.o
seconds             0x4               ./Sources/rtc.o
centesimas          0x4               ./Sources/timer.o
segundostimer       0x4               ./Sources/timer.o
interrupt           0x4               ./Sources/rtc.o
minutes             0x4               ./Sources/rtc.o
cen                 0x4               ./Sources/rtc.o

Discarded input sections

 .text          0x00000000        0x0 ./Project_Settings/Startup_Code/kinetis_sysinit.o
 .data          0x00000000        0x0 ./Project_Settings/Startup_Code/kinetis_sysinit.o
 .bss           0x00000000        0x0 ./Project_Settings/Startup_Code/kinetis_sysinit.o
 .text          0x00000000        0x0 ./Project_Settings/Startup_Code/__arm_start.o
 .data          0x00000000        0x0 ./Project_Settings/Startup_Code/__arm_start.o
 .bss           0x00000000        0x0 ./Project_Settings/Startup_Code/__arm_start.o
 .text.__iar_program_start
                0x00000000        0x4 ./Project_Settings/Startup_Code/__arm_start.o
 .text          0x00000000        0x0 ./Project_Settings/Startup_Code/__arm_end.o
 .data          0x00000000        0x0 ./Project_Settings/Startup_Code/__arm_end.o
 .bss           0x00000000        0x0 ./Project_Settings/Startup_Code/__arm_end.o
 .text          0x00000000        0x0 ./Sources/timer.o
 .data          0x00000000        0x0 ./Sources/timer.o
 .bss           0x00000000        0x0 ./Sources/timer.o
 .text.cfgtimer
                0x00000000       0x80 ./Sources/timer.o
 .text          0x00000000        0x0 ./Sources/sa_mtb.o
 .data          0x00000000        0x0 ./Sources/sa_mtb.o
 .bss           0x00000000        0x0 ./Sources/sa_mtb.o
 .debug_info    0x00000000       0x21 ./Sources/sa_mtb.o
 .debug_abbrev  0x00000000       0x12 ./Sources/sa_mtb.o
 .debug_aranges
                0x00000000       0x18 ./Sources/sa_mtb.o
 .debug_macinfo
                0x00000000     0x24d8 ./Sources/sa_mtb.o
 .debug_line    0x00000000       0xaa ./Sources/sa_mtb.o
 .debug_str     0x00000000       0x85 ./Sources/sa_mtb.o
 .comment       0x00000000       0x7a ./Sources/sa_mtb.o
 .ARM.attributes
                0x00000000       0x31 ./Sources/sa_mtb.o
 .text          0x00000000        0x0 ./Sources/rtc.o
 .data          0x00000000        0x0 ./Sources/rtc.o
 .bss           0x00000000        0x0 ./Sources/rtc.o
 .text          0x00000000        0x0 ./Sources/pwm.o
 .data          0x00000000        0x0 ./Sources/pwm.o
 .bss           0x00000000        0x0 ./Sources/pwm.o
 .text.cfgPortsPWM
                0x00000000       0xfc ./Sources/pwm.o
 .debug_info    0x00000000      0x440 ./Sources/pwm.o
 .debug_abbrev  0x00000000       0xcb ./Sources/pwm.o
 .debug_loc     0x00000000       0x2c ./Sources/pwm.o
 .debug_aranges
                0x00000000       0x20 ./Sources/pwm.o
 .debug_macinfo
                0x00000000    0x264c0 ./Sources/pwm.o
 .debug_line    0x00000000      0x1d8 ./Sources/pwm.o
 .debug_str     0x00000000      0x264 ./Sources/pwm.o
 .comment       0x00000000       0x7a ./Sources/pwm.o
 .ARM.attributes
                0x00000000       0x31 ./Sources/pwm.o
 .debug_frame   0x00000000       0x2c ./Sources/pwm.o
 .text          0x00000000        0x0 ./Sources/main.o
 .data          0x00000000        0x0 ./Sources/main.o
 .bss           0x00000000        0x0 ./Sources/main.o
 .text          0x00000000        0x0 ./Sources/lcd.o
 .data          0x00000000        0x0 ./Sources/lcd.o
 .bss           0x00000000        0x0 ./Sources/lcd.o
 .text.editChar
                0x00000000       0x80 ./Sources/lcd.o
 .rodata.editChar
                0x00000000       0x20 ./Sources/lcd.o
 .text.BCD      0x00000000       0x74 ./Sources/lcd.o
 .text          0x00000000        0x0 ./Sources/botones.o
 .data          0x00000000        0x0 ./Sources/botones.o
 .bss           0x00000000        0x0 ./Sources/botones.o
 .text          0x00000000        0x0 ./Sources/adc.o
 .data          0x00000000        0x0 ./Sources/adc.o
 .bss           0x00000000        0x0 ./Sources/adc.o
 .text.ADCread  0x00000000       0x2c ./Sources/adc.o
 .text          0x00000000        0x0 C:/Freescale/CW MCU v10.4/MCU/ARM_GCC_Support/ewl/lib/armv6-m\libc.a(exit.o)
 .data          0x00000000        0x0 C:/Freescale/CW MCU v10.4/MCU/ARM_GCC_Support/ewl/lib/armv6-m\libc.a(exit.o)
 .bss           0x00000000        0x0 C:/Freescale/CW MCU v10.4/MCU/ARM_GCC_Support/ewl/lib/armv6-m\libc.a(exit.o)
 .text          0x00000000        0x0 C:/Freescale/CW MCU v10.4/MCU/ARM_GCC_Support/ewl/lib/armv6-m\libc.a(memset.o)
 .data          0x00000000        0x0 C:/Freescale/CW MCU v10.4/MCU/ARM_GCC_Support/ewl/lib/armv6-m\libc.a(memset.o)
 .bss           0x00000000        0x0 C:/Freescale/CW MCU v10.4/MCU/ARM_GCC_Support/ewl/lib/armv6-m\libc.a(memset.o)
 .text          0x00000000        0x0 C:/Freescale/CW MCU v10.4/MCU/ARM_GCC_Support/ewl/lib/armv6-m\libc.a(printformat_.o)
 .data          0x00000000        0x0 C:/Freescale/CW MCU v10.4/MCU/ARM_GCC_Support/ewl/lib/armv6-m\libc.a(printformat_.o)
 .bss           0x00000000        0x0 C:/Freescale/CW MCU v10.4/MCU/ARM_GCC_Support/ewl/lib/armv6-m\libc.a(printformat_.o)
 .text          0x00000000        0x0 C:/Freescale/CW MCU v10.4/MCU/ARM_GCC_Support/ewl/lib/armv6-m\libc.a(scanformat_.o)
 .data          0x00000000        0x0 C:/Freescale/CW MCU v10.4/MCU/ARM_GCC_Support/ewl/lib/armv6-m\libc.a(scanformat_.o)
 .bss           0x00000000        0x0 C:/Freescale/CW MCU v10.4/MCU/ARM_GCC_Support/ewl/lib/armv6-m\libc.a(scanformat_.o)
 .text          0x00000000        0x0 C:/Freescale/CW MCU v10.4/MCU/ARM_GCC_Support/ewl/lib/armv6-m\libc.a(ctype_aeabi.o)
 .data          0x00000000        0x0 C:/Freescale/CW MCU v10.4/MCU/ARM_GCC_Support/ewl/lib/armv6-m\libc.a(ctype_aeabi.o)
 .bss           0x00000000        0x0 C:/Freescale/CW MCU v10.4/MCU/ARM_GCC_Support/ewl/lib/armv6-m\libc.a(ctype_aeabi.o)
 .text.isalnum  0x00000000       0x1c C:/Freescale/CW MCU v10.4/MCU/ARM_GCC_Support/ewl/lib/armv6-m\libc.a(ctype_aeabi.o)
 .text.iscntrl  0x00000000       0x20 C:/Freescale/CW MCU v10.4/MCU/ARM_GCC_Support/ewl/lib/armv6-m\libc.a(ctype_aeabi.o)
 .text.isdigit  0x00000000        0xe C:/Freescale/CW MCU v10.4/MCU/ARM_GCC_Support/ewl/lib/armv6-m\libc.a(ctype_aeabi.o)
 .text.isgraph  0x00000000       0x1c C:/Freescale/CW MCU v10.4/MCU/ARM_GCC_Support/ewl/lib/armv6-m\libc.a(ctype_aeabi.o)
 .text.islower  0x00000000       0x20 C:/Freescale/CW MCU v10.4/MCU/ARM_GCC_Support/ewl/lib/armv6-m\libc.a(ctype_aeabi.o)
 .text.isprint  0x00000000       0x1c C:/Freescale/CW MCU v10.4/MCU/ARM_GCC_Support/ewl/lib/armv6-m\libc.a(ctype_aeabi.o)
 .text.ispunct  0x00000000       0x20 C:/Freescale/CW MCU v10.4/MCU/ARM_GCC_Support/ewl/lib/armv6-m\libc.a(ctype_aeabi.o)
 .text.isupper  0x00000000       0x20 C:/Freescale/CW MCU v10.4/MCU/ARM_GCC_Support/ewl/lib/armv6-m\libc.a(ctype_aeabi.o)
 .text.isxdigit
                0x00000000       0x20 C:/Freescale/CW MCU v10.4/MCU/ARM_GCC_Support/ewl/lib/armv6-m\libc.a(ctype_aeabi.o)
 .text.isblank  0x00000000       0x28 C:/Freescale/CW MCU v10.4/MCU/ARM_GCC_Support/ewl/lib/armv6-m\libc.a(ctype_aeabi.o)
 .text.tolower  0x00000000        0xe C:/Freescale/CW MCU v10.4/MCU/ARM_GCC_Support/ewl/lib/armv6-m\libc.a(ctype_aeabi.o)
 .text          0x00000000        0x0 C:/Freescale/CW MCU v10.4/MCU/ARM_GCC_Support/ewl/lib/armv6-m\libc.a(__strtoul.o)
 .data          0x00000000        0x0 C:/Freescale/CW MCU v10.4/MCU/ARM_GCC_Support/ewl/lib/armv6-m\libc.a(__strtoul.o)
 .bss           0x00000000        0x0 C:/Freescale/CW MCU v10.4/MCU/ARM_GCC_Support/ewl/lib/armv6-m\libc.a(__strtoul.o)
 .text          0x00000000        0x0 C:/Freescale/CW MCU v10.4/MCU/ARM_GCC_Support/ewl/lib/armv6-m\libc.a(__filll_mem.o)
 .data          0x00000000        0x0 C:/Freescale/CW MCU v10.4/MCU/ARM_GCC_Support/ewl/lib/armv6-m\libc.a(__filll_mem.o)
 .bss           0x00000000        0x0 C:/Freescale/CW MCU v10.4/MCU/ARM_GCC_Support/ewl/lib/armv6-m\libc.a(__filll_mem.o)
 .text          0x00000000        0x0 C:/Freescale/CW MCU v10.4/MCU/ARM_GCC_Support/ewl/lib/armv6-m\libc.a(memchr.o)
 .data          0x00000000        0x0 C:/Freescale/CW MCU v10.4/MCU/ARM_GCC_Support/ewl/lib/armv6-m\libc.a(memchr.o)
 .bss           0x00000000        0x0 C:/Freescale/CW MCU v10.4/MCU/ARM_GCC_Support/ewl/lib/armv6-m\libc.a(memchr.o)
 .text          0x00000000        0x0 C:/Freescale/CW MCU v10.4/MCU/ARM_GCC_Support/ewl/lib/armv6-m\libc.a(memcpy.o)
 .data          0x00000000        0x0 C:/Freescale/CW MCU v10.4/MCU/ARM_GCC_Support/ewl/lib/armv6-m\libc.a(memcpy.o)
 .bss           0x00000000        0x0 C:/Freescale/CW MCU v10.4/MCU/ARM_GCC_Support/ewl/lib/armv6-m\libc.a(memcpy.o)
 .text          0x00000000        0x0 C:/Freescale/CW MCU v10.4/MCU/ARM_GCC_Support/ewl/lib/armv6-m\libc.a(strchr.o)
 .data          0x00000000        0x0 C:/Freescale/CW MCU v10.4/MCU/ARM_GCC_Support/ewl/lib/armv6-m\libc.a(strchr.o)
 .bss           0x00000000        0x0 C:/Freescale/CW MCU v10.4/MCU/ARM_GCC_Support/ewl/lib/armv6-m\libc.a(strchr.o)
 .text          0x00000000        0x0 C:/Freescale/CW MCU v10.4/MCU/ARM_GCC_Support/ewl/lib/armv6-m\libc.a(strlen.o)
 .data          0x00000000        0x0 C:/Freescale/CW MCU v10.4/MCU/ARM_GCC_Support/ewl/lib/armv6-m\libc.a(strlen.o)
 .bss           0x00000000        0x0 C:/Freescale/CW MCU v10.4/MCU/ARM_GCC_Support/ewl/lib/armv6-m\libc.a(strlen.o)
 .data          0x00000000        0x0 c:/freescale/cw mcu v10.4/cross_tools/arm-none-eabi-gcc-4_7_3/bin/../lib/gcc/arm-none-eabi/4.7.3/armv6-m\libgcc.a(_thumb1_case_sqi.o)
 .bss           0x00000000        0x0 c:/freescale/cw mcu v10.4/cross_tools/arm-none-eabi-gcc-4_7_3/bin/../lib/gcc/arm-none-eabi/4.7.3/armv6-m\libgcc.a(_thumb1_case_sqi.o)
 .data          0x00000000        0x0 c:/freescale/cw mcu v10.4/cross_tools/arm-none-eabi-gcc-4_7_3/bin/../lib/gcc/arm-none-eabi/4.7.3/armv6-m\libgcc.a(_thumb1_case_uqi.o)
 .bss           0x00000000        0x0 c:/freescale/cw mcu v10.4/cross_tools/arm-none-eabi-gcc-4_7_3/bin/../lib/gcc/arm-none-eabi/4.7.3/armv6-m\libgcc.a(_thumb1_case_uqi.o)
 .data          0x00000000        0x0 c:/freescale/cw mcu v10.4/cross_tools/arm-none-eabi-gcc-4_7_3/bin/../lib/gcc/arm-none-eabi/4.7.3/armv6-m\libgcc.a(_udivsi3.o)
 .bss           0x00000000        0x0 c:/freescale/cw mcu v10.4/cross_tools/arm-none-eabi-gcc-4_7_3/bin/../lib/gcc/arm-none-eabi/4.7.3/armv6-m\libgcc.a(_udivsi3.o)
 .text          0x00000000       0xc0 c:/freescale/cw mcu v10.4/cross_tools/arm-none-eabi-gcc-4_7_3/bin/../lib/gcc/arm-none-eabi/4.7.3/armv6-m\libgcc.a(_divsi3.o)
 .data          0x00000000        0x0 c:/freescale/cw mcu v10.4/cross_tools/arm-none-eabi-gcc-4_7_3/bin/../lib/gcc/arm-none-eabi/4.7.3/armv6-m\libgcc.a(_divsi3.o)
 .bss           0x00000000        0x0 c:/freescale/cw mcu v10.4/cross_tools/arm-none-eabi-gcc-4_7_3/bin/../lib/gcc/arm-none-eabi/4.7.3/armv6-m\libgcc.a(_divsi3.o)
 .debug_frame   0x00000000       0x20 c:/freescale/cw mcu v10.4/cross_tools/arm-none-eabi-gcc-4_7_3/bin/../lib/gcc/arm-none-eabi/4.7.3/armv6-m\libgcc.a(_divsi3.o)
 .ARM.attributes
                0x00000000       0x1e c:/freescale/cw mcu v10.4/cross_tools/arm-none-eabi-gcc-4_7_3/bin/../lib/gcc/arm-none-eabi/4.7.3/armv6-m\libgcc.a(_divsi3.o)
 .data          0x00000000        0x0 c:/freescale/cw mcu v10.4/cross_tools/arm-none-eabi-gcc-4_7_3/bin/../lib/gcc/arm-none-eabi/4.7.3/armv6-m\libgcc.a(_dvmd_tls.o)
 .bss           0x00000000        0x0 c:/freescale/cw mcu v10.4/cross_tools/arm-none-eabi-gcc-4_7_3/bin/../lib/gcc/arm-none-eabi/4.7.3/armv6-m\libgcc.a(_dvmd_tls.o)
 .text          0x00000000        0x0 C:/Freescale/CW MCU v10.4/MCU/ARM_GCC_Support/ewl/lib/armv6-m\librt.a(gcc_ctor_dtor.o)
 .data          0x00000000        0x0 C:/Freescale/CW MCU v10.4/MCU/ARM_GCC_Support/ewl/lib/armv6-m\librt.a(gcc_ctor_dtor.o)
 .bss           0x00000000        0x0 C:/Freescale/CW MCU v10.4/MCU/ARM_GCC_Support/ewl/lib/armv6-m\librt.a(gcc_ctor_dtor.o)
 .bss.__dso_handle
                0x00000000        0x4 C:/Freescale/CW MCU v10.4/MCU/ARM_GCC_Support/ewl/lib/armv6-m\librt.a(gcc_ctor_dtor.o)
 .text          0x00000000        0x0 C:/Freescale/CW MCU v10.4/MCU/ARM_GCC_Support/ewl/lib/armv6-m\librt.a(ROMCopy.o)
 .data          0x00000000        0x0 C:/Freescale/CW MCU v10.4/MCU/ARM_GCC_Support/ewl/lib/armv6-m\librt.a(ROMCopy.o)
 .bss           0x00000000        0x0 C:/Freescale/CW MCU v10.4/MCU/ARM_GCC_Support/ewl/lib/armv6-m\librt.a(ROMCopy.o)
 .text.__flush_cache
                0x00000000        0x2 C:/Freescale/CW MCU v10.4/MCU/ARM_GCC_Support/ewl/lib/armv6-m\librt.a(ROMCopy.o)
 .text          0x00000000        0x0 C:/Freescale/CW MCU v10.4/MCU/ARM_GCC_Support/ewl/lib/armv6-m\librt.a(__arm_eabi_init.o)
 .data          0x00000000        0x0 C:/Freescale/CW MCU v10.4/MCU/ARM_GCC_Support/ewl/lib/armv6-m\librt.a(__arm_eabi_init.o)
 .bss           0x00000000        0x0 C:/Freescale/CW MCU v10.4/MCU/ARM_GCC_Support/ewl/lib/armv6-m\librt.a(__arm_eabi_init.o)
 .text.__register_global_object
                0x00000000       0x14 C:/Freescale/CW MCU v10.4/MCU/ARM_GCC_Support/ewl/lib/armv6-m\librt.a(__arm_eabi_init.o)
 .text.__cxa_atexit
                0x00000000       0x38 C:/Freescale/CW MCU v10.4/MCU/ARM_GCC_Support/ewl/lib/armv6-m\librt.a(__arm_eabi_init.o)
 .text.__aeabi_atexit
                0x00000000        0xe C:/Freescale/CW MCU v10.4/MCU/ARM_GCC_Support/ewl/lib/armv6-m\librt.a(__arm_eabi_init.o)
 .text.__register_atexit
                0x00000000        0xc C:/Freescale/CW MCU v10.4/MCU/ARM_GCC_Support/ewl/lib/armv6-m\librt.a(__arm_eabi_init.o)
 .text.__init_hardware
                0x00000000        0x4 C:/Freescale/CW MCU v10.4/MCU/ARM_GCC_Support/ewl/lib/armv6-m\librt.a(__arm_eabi_init.o)
 .bss.atexit_curr_func
                0x00000000        0x4 C:/Freescale/CW MCU v10.4/MCU/ARM_GCC_Support/ewl/lib/armv6-m\librt.a(__arm_eabi_init.o)
 .bss.atexit_funcs
                0x00000000      0x300 C:/Freescale/CW MCU v10.4/MCU/ARM_GCC_Support/ewl/lib/armv6-m\librt.a(__arm_eabi_init.o)

Memory Configuration

Name             Origin             Length             Attributes
m_interrupts     0x00000000         0x000000c0         xr
m_cfmprotrom     0x00000400         0x00000010         xr
m_text           0x00000800         0x0001f800         xr
m_data           0x1ffff000         0x00004000         xrw
*default*        0x00000000         0xffffffff

Linker script and memory map

LOAD ./Project_Settings/Startup_Code/kinetis_sysinit.o
LOAD ./Project_Settings/Startup_Code/__arm_start.o
LOAD ./Project_Settings/Startup_Code/__arm_end.o
LOAD ./Sources/timer.o
LOAD ./Sources/sa_mtb.o
LOAD ./Sources/rtc.o
LOAD ./Sources/pwm.o
LOAD ./Sources/main.o
LOAD ./Sources/lcd.o
LOAD ./Sources/botones.o
LOAD ./Sources/adc.o
                0x00001480                __pformatter = __pformatter_
                [0x000018a8]                __sformatter = __sformatter
START GROUP
LOAD C:/Freescale/CW MCU v10.4/MCU/ARM_GCC_Support/ewl/lib/armv6-m\libc.a
LOAD C:/Freescale/CW MCU v10.4/MCU/ARM_GCC_Support/ewl/lib/armv6-m\libm.a
LOAD c:/freescale/cw mcu v10.4/cross_tools/arm-none-eabi-gcc-4_7_3/bin/../lib/gcc/arm-none-eabi/4.7.3/armv6-m\libgcc.a
LOAD C:/Freescale/CW MCU v10.4/MCU/ARM_GCC_Support/ewl/lib/armv6-m\librt.a
LOAD C:/Freescale/CW MCU v10.4/MCU/ARM_GCC_Support/ewl/lib/armv6-m\libuart.a
END GROUP
                0x20003000                _estack = 0x20003000
                0x20003000                __SP_INIT = _estack
                0x00000400                __heap_size = 0x400
                0x00000400                __stack_size = 0x400

.interrupts     0x00000000       0xc0
                0x00000000                __vector_table = .
                0x00000000                . = ALIGN (0x4)
 *(.vectortable)
 .vectortable   0x00000000       0xc0 ./Project_Settings/Startup_Code/kinetis_sysinit.o
                0x00000000                InterruptVector
                0x000000c0                . = ALIGN (0x4)

.cfmprotect     0x00000400        0x0
                0x00000400                . = ALIGN (0x4)
 *(.cfmconfig)
                0x00000400                . = ALIGN (0x4)

.text           0x00000800     0x1c74
                0x00000800                . = ALIGN (0x4)
 *(.text)
 .text          0x00000800       0x14 c:/freescale/cw mcu v10.4/cross_tools/arm-none-eabi-gcc-4_7_3/bin/../lib/gcc/arm-none-eabi/4.7.3/armv6-m\libgcc.a(_thumb1_case_sqi.o)
                0x00000800                __gnu_thumb1_case_sqi
 .text          0x00000814       0x14 c:/freescale/cw mcu v10.4/cross_tools/arm-none-eabi-gcc-4_7_3/bin/../lib/gcc/arm-none-eabi/4.7.3/armv6-m\libgcc.a(_thumb1_case_uqi.o)
                0x00000814                __gnu_thumb1_case_uqi
 .text          0x00000828       0x9c c:/freescale/cw mcu v10.4/cross_tools/arm-none-eabi-gcc-4_7_3/bin/../lib/gcc/arm-none-eabi/4.7.3/armv6-m\libgcc.a(_udivsi3.o)
                0x00000828                __aeabi_uidiv
                0x00000828                __udivsi3
                0x000008b0                __aeabi_uidivmod
 .text          0x000008c4        0x4 c:/freescale/cw mcu v10.4/cross_tools/arm-none-eabi-gcc-4_7_3/bin/../lib/gcc/arm-none-eabi/4.7.3/armv6-m\libgcc.a(_dvmd_tls.o)
                0x000008c4                __aeabi_idiv0
                0x000008c4                __aeabi_ldiv0
 *(.text*)
 .text.Default_Handler
                0x000008c8        0xc ./Project_Settings/Startup_Code/kinetis_sysinit.o
                0x000008c8                RTC_Alarm_IRQHandler
                0x000008c8                I2C0_IRQHandler
                0x000008c8                HardFault_Handler
                0x000008c8                SysTick_Handler
                0x000008c8                PendSV_Handler
                0x000008c8                NMI_Handler
                0x000008c8                I2C1_IRQHandler
                0x000008c8                UART1_IRQHandler
                0x000008c8                DMA2_IRQHandler
                0x000008c8                TSI0_IRQHandler
                0x000008c8                UART0_IRQHandler
                0x000008c8                ADC0_IRQHandler
                0x000008c8                SPI1_IRQHandler
                0x000008c8                PORTD_IRQHandler
                0x000008c8                LPTimer_IRQHandler
                0x000008c8                FTM1_IRQHandler
                0x000008c8                MCG_IRQHandler
                0x000008c8                UART2_IRQHandler
                0x000008c8                Default_Handler
                0x000008c8                LLW_IRQHandler
                0x000008c8                SVC_Handler
                0x000008c8                USBOTG_IRQHandler
                0x000008c8                DMA3_IRQHandler
                0x000008c8                DMA0_IRQHandler
                0x000008c8                DAC0_IRQHandler
                0x000008c8                PMC_IRQHandler
                0x000008c8                SPI0_IRQHandler
                0x000008c8                FTM0_IRQHandler
                0x000008c8                PORTA_IRQHandler
                0x000008c8                MCM_IRQHandler
                0x000008c8                FTFL_IRQHandler
                0x000008c8                FTM2_IRQHandler
                0x000008c8                CMP0_IRQHandler
                0x000008c8                DMA1_IRQHandler
 .text.__init_hardware
                0x000008d4       0x2c ./Project_Settings/Startup_Code/kinetis_sysinit.o
                0x000008d4                __init_hardware
 .text.zero_fill_bss
                0x00000900       0x24 ./Project_Settings/Startup_Code/__arm_start.o
 .text.__thumb_startup
                0x00000924       0x30 ./Project_Settings/Startup_Code/__arm_start.o
                0x00000924                __thumb_startup
 .text._ExitProcess
                0x00000954        0xc ./Project_Settings/Startup_Code/__arm_end.o
                0x00000954                _ExitProcess
 .text.PIT_IRQHandler
                0x00000960       0x68 ./Sources/timer.o
                0x00000960                PIT_IRQHandler
 .text.Clock_Configuration
                0x000009c8       0xb0 ./Sources/rtc.o
                0x000009c8                Clock_Configuration
 .text.rtc_init
                0x00000a78       0x98 ./Sources/rtc.o
                0x00000a78                rtc_init
 .text.RTC_Seconds_IRQHandler
                0x00000b10       0x64 ./Sources/rtc.o
                0x00000b10                RTC_Seconds_IRQHandler
 .text.main     0x00000b74       0x68 ./Sources/main.o
                0x00000b74                main
 .text.menu1    0x00000bdc       0xf0 ./Sources/main.o
                0x00000bdc                menu1
 .text.menu2    0x00000ccc      0x140 ./Sources/main.o
                0x00000ccc                menu2
 .text.menu3    0x00000e0c       0x94 ./Sources/main.o
                0x00000e0c                menu3
 .text.cfgPortsLCD
                0x00000ea0       0xf0 ./Sources/lcd.o
                0x00000ea0                cfgPortsLCD
 .text.delay    0x00000f90       0x2c ./Sources/lcd.o
                0x00000f90                delay
 .text.initLCD  0x00000fbc       0x3c ./Sources/lcd.o
                0x00000fbc                initLCD
 .text.sendCode
                0x00000ff8       0xd8 ./Sources/lcd.o
                0x00000ff8                sendCode
 .text.cfgPortBot
                0x000010d0       0x7c ./Sources/botones.o
                0x000010d0                cfgPortBot
 .text.debounce
                0x0000114c       0x1c ./Sources/botones.o
                0x0000114c                debounce
 .text.botread  0x00001168       0xb0 ./Sources/botones.o
                0x00001168                botread
 .text.cfgPortsADC
                0x00001218       0x88 ./Sources/adc.o
                0x00001218                cfgPortsADC
 .text.exit     0x000012a0       0x38 C:/Freescale/CW MCU v10.4/MCU/ARM_GCC_Support/ewl/lib/armv6-m\libc.a(exit.o)
                0x000012a0                exit
 .text.memset   0x000012d8        0xc C:/Freescale/CW MCU v10.4/MCU/ARM_GCC_Support/ewl/lib/armv6-m\libc.a(memset.o)
                0x000012d8                memset
 .text.long2str.isra.0
                0x000012e4      0x19c C:/Freescale/CW MCU v10.4/MCU/ARM_GCC_Support/ewl/lib/armv6-m\libc.a(printformat_.o)
 .text.__pformatter_
                0x00001480      0x428 C:/Freescale/CW MCU v10.4/MCU/ARM_GCC_Support/ewl/lib/armv6-m\libc.a(printformat_.o)
                0x00001480                __pformatter_
 .text.__sformatter
                0x000018a8      0x698 C:/Freescale/CW MCU v10.4/MCU/ARM_GCC_Support/ewl/lib/armv6-m\libc.a(scanformat_.o)
                0x000018a8                __sformatter
 .text.isalpha  0x00001f40       0x20 C:/Freescale/CW MCU v10.4/MCU/ARM_GCC_Support/ewl/lib/armv6-m\libc.a(ctype_aeabi.o)
                0x00001f40                isalpha
 .text.isspace  0x00001f60       0x20 C:/Freescale/CW MCU v10.4/MCU/ARM_GCC_Support/ewl/lib/armv6-m\libc.a(ctype_aeabi.o)
                0x00001f60                isspace
 .text.toupper  0x00001f80        0xe C:/Freescale/CW MCU v10.4/MCU/ARM_GCC_Support/ewl/lib/armv6-m\libc.a(ctype_aeabi.o)
                0x00001f80                toupper
 .text.__strtoul
                0x00001f8e      0x1ce C:/Freescale/CW MCU v10.4/MCU/ARM_GCC_Support/ewl/lib/armv6-m\libc.a(__strtoul.o)
                0x00001f8e                __strtoul
 .text.__fill_mem
                0x0000215c       0x7e C:/Freescale/CW MCU v10.4/MCU/ARM_GCC_Support/ewl/lib/armv6-m\libc.a(__filll_mem.o)
                0x0000215c                __fill_mem
 .text.memchr   0x000021da       0x1a C:/Freescale/CW MCU v10.4/MCU/ARM_GCC_Support/ewl/lib/armv6-m\libc.a(memchr.o)
                0x000021da                memchr
 .text.memcpy   0x000021f4       0x12 C:/Freescale/CW MCU v10.4/MCU/ARM_GCC_Support/ewl/lib/armv6-m\libc.a(memcpy.o)
                0x000021f4                memcpy
 .text.strchr   0x00002206       0x1e C:/Freescale/CW MCU v10.4/MCU/ARM_GCC_Support/ewl/lib/armv6-m\libc.a(strchr.o)
                0x00002206                strchr
 .text.strlen   0x00002224       0x10 C:/Freescale/CW MCU v10.4/MCU/ARM_GCC_Support/ewl/lib/armv6-m\libc.a(strlen.o)
                0x00002224                strlen
 .text.__init_cpp
                0x00002234       0x48 C:/Freescale/CW MCU v10.4/MCU/ARM_GCC_Support/ewl/lib/armv6-m\librt.a(gcc_ctor_dtor.o)
                0x00002234                __init_cpp
 .text.__fini_cpp
                0x0000227c       0x34 C:/Freescale/CW MCU v10.4/MCU/ARM_GCC_Support/ewl/lib/armv6-m\librt.a(gcc_ctor_dtor.o)
                0x0000227c                __fini_cpp
 .text.__copy_rom_section
                0x000022b0       0x48 C:/Freescale/CW MCU v10.4/MCU/ARM_GCC_Support/ewl/lib/armv6-m\librt.a(ROMCopy.o)
                0x000022b0                __copy_rom_section
 .text.__copy_rom_sections_to_ram
                0x000022f8       0x34 C:/Freescale/CW MCU v10.4/MCU/ARM_GCC_Support/ewl/lib/armv6-m\librt.a(ROMCopy.o)
                0x000022f8                __copy_rom_sections_to_ram
 .text.__destroy_global_chain
                0x0000232c       0x1c C:/Freescale/CW MCU v10.4/MCU/ARM_GCC_Support/ewl/lib/armv6-m\librt.a(__arm_eabi_init.o)
                0x0000232c                __destroy_global_chain
 .text.__init_registers
                0x00002348       0x1c C:/Freescale/CW MCU v10.4/MCU/ARM_GCC_Support/ewl/lib/armv6-m\librt.a(__arm_eabi_init.o)
                0x00002348                __init_registers
 .text.__init_user
                0x00002364        0x4 C:/Freescale/CW MCU v10.4/MCU/ARM_GCC_Support/ewl/lib/armv6-m\librt.a(__arm_eabi_init.o)
                0x00002364                __init_user
 *(.rodata)
 *(.rodata*)
 .rodata.str1.1
                0x00002368        0x1 C:/Freescale/CW MCU v10.4/MCU/ARM_GCC_Support/ewl/lib/armv6-m\libc.a(printformat_.o)
 .rodata.CSWTCH.20
                0x00002369        0x5 C:/Freescale/CW MCU v10.4/MCU/ARM_GCC_Support/ewl/lib/armv6-m\libc.a(printformat_.o)
 .rodata.CSWTCH.21
                0x0000236e        0x5 C:/Freescale/CW MCU v10.4/MCU/ARM_GCC_Support/ewl/lib/armv6-m\libc.a(printformat_.o)
 .rodata.__aeabi_ctype_table_C
                0x00002373      0x101 C:/Freescale/CW MCU v10.4/MCU/ARM_GCC_Support/ewl/lib/armv6-m\libc.a(ctype_aeabi.o)
                0x00002373                __aeabi_ctype_table_C
 *(.glue_7)
 .glue_7        0x00000000        0x0 linker stubs
 *(.glue_7t)
 .glue_7t       0x00000000        0x0 linker stubs
 *(.eh_frame)
 *(.init)
 *(.fini)
                0x00002474                . = ALIGN (0x4)
                0x00002474                _etext = .

.vfp11_veneer   0x00002474        0x0
 .vfp11_veneer  0x00000000        0x0 linker stubs

.v4_bx          0x00002474        0x0
 .v4_bx         0x00000000        0x0 linker stubs

.iplt           0x00002474        0x0
 .iplt          0x00000000        0x0 ./Project_Settings/Startup_Code/kinetis_sysinit.o

.rel.dyn        0x00002474        0x0
 .rel.iplt      0x00000000        0x0 ./Project_Settings/Startup_Code/kinetis_sysinit.o

.ARM.extab
 *(.ARM.extab* .gnu.linkonce.armextab.*)

.ARM            0x00002474        0x0
                0x00002474                __exidx_start = .
 *(.ARM.exidx*)
                0x00002474                __exidx_end = .

.ctors          0x00002474        0x0
                0x00002474                __CTOR_LIST__ = .
 *crtbegin.o(.ctors)
 *(EXCLUDE_FILE(*crtend.o) .ctors)
 *(SORT(.ctors.*))
 *(.ctors)
                0x00002474                __CTOR_END__ = .

.dtors          0x00002474        0x0
                0x00002474                __DTOR_LIST__ = .
 *crtbegin.o(.dtors)
 *(EXCLUDE_FILE(*crtend.o) .dtors)
 *(SORT(.dtors.*))
 *(.dtors)
                0x00002474                __DTOR_END__ = .

.preinit_array  0x00002474        0x0
                0x00002474                PROVIDE (__preinit_array_start, .)
 *(.preinit_array*)
                0x00002474                PROVIDE (__preinit_array_end, .)

.init_array     0x00002474        0x0
                0x00002474                PROVIDE (__init_array_start, .)
 *(SORT(.init_array.*))
 *(.init_array*)
                0x00002474                PROVIDE (__init_array_end, .)

.fini_array     0x00002474        0x0
                0x00002474                PROVIDE (__fini_array_start, .)
 *(SORT(.fini_array.*))
 *(.fini_array*)
                0x00002474                PROVIDE (__fini_array_end, .)
                0x00002474                ___ROM_AT = .

.mtb            0x1ffff000        0x0
                0x1ffff000                . = ALIGN (0x8)
                0x1ffff000                _mtb_start = .
 *(.mtb_buf)
                0x1ffff000                . = ALIGN (0x8)
                0x1ffff000                _mtb_end = .

.data           0x1ffff000        0x0 load address 0x00002474
                0x1ffff000                . = ALIGN (0x4)
                0x1ffff000                _sdata = .
 *(.data)
 *(.data*)
                0x1ffff000                . = ALIGN (0x4)
                0x1ffff000                _edata = .
                0x00000000                ___data_size = (_edata - _sdata)

.igot.plt       0x1ffff000        0x0
 .igot.plt      0x00000000        0x0 ./Project_Settings/Startup_Code/kinetis_sysinit.o
                0x1ffff000                . = ALIGN (0x4)

.bss            0x1ffff000       0x74
                0x1ffff000                __START_BSS = .
                0x1ffff000                PROVIDE (__bss_start__, __START_BSS)
 *(.bss)
 *(.bss*)
 .bss.argv      0x1ffff000        0x4 ./Project_Settings/Startup_Code/__arm_start.o
 .bss.menu_select
                0x1ffff004        0x4 ./Sources/main.o
                0x1ffff004                menu_select
 .bss.barra     0x1ffff008        0x4 ./Sources/main.o
                0x1ffff008                barra
 .bss.inter     0x1ffff00c        0x4 ./Sources/main.o
                0x1ffff00c                inter
 .bss.__stdio_exit
                0x1ffff010        0x4 C:/Freescale/CW MCU v10.4/MCU/ARM_GCC_Support/ewl/lib/armv6-m\libc.a(exit.o)
                0x1ffff010                __stdio_exit
 .bss.__console_exit
                0x1ffff014        0x4 C:/Freescale/CW MCU v10.4/MCU/ARM_GCC_Support/ewl/lib/armv6-m\libc.a(exit.o)
                0x1ffff014                __console_exit
 .bss.__S_romp  0x1ffff018        0xc C:/Freescale/CW MCU v10.4/MCU/ARM_GCC_Support/ewl/lib/armv6-m\librt.a(ROMCopy.o)
 .bss.__global_destructor_chain
                0x1ffff024        0x4 C:/Freescale/CW MCU v10.4/MCU/ARM_GCC_Support/ewl/lib/armv6-m\librt.a(__arm_eabi_init.o)
                0x1ffff024                __global_destructor_chain
 *(COMMON)
 COMMON         0x1ffff028        0x8 ./Sources/timer.o
                0x1ffff028                centesimas
                0x1ffff02c                segundostimer
 COMMON         0x1ffff030       0x30 ./Sources/rtc.o
                0x1ffff030                x
                0x1ffff034                pos
                0x1ffff038                alarm
                0x1ffff03c                r
                0x1ffff040                i
                0x1ffff044                dec
                0x1ffff048                uni
                0x1ffff04c                escritura
                0x1ffff050                seconds
                0x1ffff054                interrupt
                0x1ffff058                minutes
                0x1ffff05c                cen
 COMMON         0x1ffff060       0x14 ./Sources/main.o
                0x1ffff060                dif
                0x1ffff064                botones
                0x1ffff068                ekis
                0x1ffff06c                InputADC
                0x1ffff070                read
                0x1ffff074                . = ALIGN (0x4)
                0x1ffff074                __END_BSS = .
                0x1ffff074                PROVIDE (__bss_end__, __END_BSS)
                0x00002474                _romp_at = (___ROM_AT + SIZEOF (.data))

.romp           0x1ffff074       0x18 load address 0x00002474
                0x00002474                __S_romp = _romp_at
                0x1ffff074        0x4 LONG 0x2474 ___ROM_AT
                0x1ffff078        0x4 LONG 0x1ffff000 _sdata
                0x1ffff07c        0x4 LONG 0x0 ___data_size
                0x1ffff080        0x4 LONG 0x0
                0x1ffff084        0x4 LONG 0x0
                0x1ffff088        0x4 LONG 0x0

._user_heap_stack
                0x1ffff08c      0x800 load address 0x0000248c
                0x1ffff08c                . = ALIGN (0x4)
                0x1ffff08c                PROVIDE (end, .)
                0x1ffff08c                PROVIDE (_end, .)
                0x1ffff08c                __heap_addr = .
                0x1ffff48c                . = (. + __heap_size)
 *fill*         0x1ffff08c      0x400 00
                0x1ffff88c                . = (. + __stack_size)
 *fill*         0x1ffff48c      0x400 00
                0x1ffff88c                . = ALIGN (0x4)

.ARM.attributes
                0x00000000       0x31
 *(.ARM.attributes)
 .ARM.attributes
                0x00000000       0x31 ./Project_Settings/Startup_Code/kinetis_sysinit.o
 .ARM.attributes
                0x00000031       0x31 ./Project_Settings/Startup_Code/__arm_start.o
 .ARM.attributes
                0x00000062       0x31 ./Project_Settings/Startup_Code/__arm_end.o
 .ARM.attributes
                0x00000093       0x31 ./Sources/timer.o
 .ARM.attributes
                0x000000c4       0x31 ./Sources/rtc.o
 .ARM.attributes
                0x000000f5       0x31 ./Sources/main.o
 .ARM.attributes
                0x00000126       0x31 ./Sources/lcd.o
 .ARM.attributes
                0x00000157       0x31 ./Sources/botones.o
 .ARM.attributes
                0x00000188       0x31 ./Sources/adc.o
 .ARM.attributes
                0x000001b9       0x31 C:/Freescale/CW MCU v10.4/MCU/ARM_GCC_Support/ewl/lib/armv6-m\libc.a(exit.o)
 .ARM.attributes
                0x000001ea       0x31 C:/Freescale/CW MCU v10.4/MCU/ARM_GCC_Support/ewl/lib/armv6-m\libc.a(memset.o)
 .ARM.attributes
                0x0000021b       0x31 C:/Freescale/CW MCU v10.4/MCU/ARM_GCC_Support/ewl/lib/armv6-m\libc.a(printformat_.o)
 .ARM.attributes
                0x0000024c       0x31 C:/Freescale/CW MCU v10.4/MCU/ARM_GCC_Support/ewl/lib/armv6-m\libc.a(scanformat_.o)
 .ARM.attributes
                0x0000027d       0x31 C:/Freescale/CW MCU v10.4/MCU/ARM_GCC_Support/ewl/lib/armv6-m\libc.a(ctype_aeabi.o)
 .ARM.attributes
                0x000002ae       0x31 C:/Freescale/CW MCU v10.4/MCU/ARM_GCC_Support/ewl/lib/armv6-m\libc.a(__strtoul.o)
 .ARM.attributes
                0x000002df       0x31 C:/Freescale/CW MCU v10.4/MCU/ARM_GCC_Support/ewl/lib/armv6-m\libc.a(__filll_mem.o)
 .ARM.attributes
                0x00000310       0x31 C:/Freescale/CW MCU v10.4/MCU/ARM_GCC_Support/ewl/lib/armv6-m\libc.a(memchr.o)
 .ARM.attributes
                0x00000341       0x31 C:/Freescale/CW MCU v10.4/MCU/ARM_GCC_Support/ewl/lib/armv6-m\libc.a(memcpy.o)
 .ARM.attributes
                0x00000372       0x31 C:/Freescale/CW MCU v10.4/MCU/ARM_GCC_Support/ewl/lib/armv6-m\libc.a(strchr.o)
 .ARM.attributes
                0x000003a3       0x31 C:/Freescale/CW MCU v10.4/MCU/ARM_GCC_Support/ewl/lib/armv6-m\libc.a(strlen.o)
 .ARM.attributes
                0x000003d4       0x1e c:/freescale/cw mcu v10.4/cross_tools/arm-none-eabi-gcc-4_7_3/bin/../lib/gcc/arm-none-eabi/4.7.3/armv6-m\libgcc.a(_thumb1_case_sqi.o)
 .ARM.attributes
                0x000003f2       0x1e c:/freescale/cw mcu v10.4/cross_tools/arm-none-eabi-gcc-4_7_3/bin/../lib/gcc/arm-none-eabi/4.7.3/armv6-m\libgcc.a(_thumb1_case_uqi.o)
 .ARM.attributes
                0x00000410       0x1e c:/freescale/cw mcu v10.4/cross_tools/arm-none-eabi-gcc-4_7_3/bin/../lib/gcc/arm-none-eabi/4.7.3/armv6-m\libgcc.a(_udivsi3.o)
 .ARM.attributes
                0x0000042e       0x1e c:/freescale/cw mcu v10.4/cross_tools/arm-none-eabi-gcc-4_7_3/bin/../lib/gcc/arm-none-eabi/4.7.3/armv6-m\libgcc.a(_dvmd_tls.o)
 .ARM.attributes
                0x0000044c       0x31 C:/Freescale/CW MCU v10.4/MCU/ARM_GCC_Support/ewl/lib/armv6-m\librt.a(gcc_ctor_dtor.o)
 .ARM.attributes
                0x0000047d       0x31 C:/Freescale/CW MCU v10.4/MCU/ARM_GCC_Support/ewl/lib/armv6-m\librt.a(ROMCopy.o)
 .ARM.attributes
                0x000004ae       0x31 C:/Freescale/CW MCU v10.4/MCU/ARM_GCC_Support/ewl/lib/armv6-m\librt.a(__arm_eabi_init.o)
OUTPUT(PracticaADC.elf elf32-littlearm)

.debug_info     0x00000000     0x4286
 .debug_info    0x00000000      0x447 ./Project_Settings/Startup_Code/kinetis_sysinit.o
 .debug_info    0x00000447      0x12a ./Project_Settings/Startup_Code/__arm_start.o
 .debug_info    0x00000571       0x54 ./Project_Settings/Startup_Code/__arm_end.o
 .debug_info    0x000005c5      0x5f6 ./Sources/timer.o
 .debug_info    0x00000bbb      0x6de ./Sources/rtc.o
 .debug_info    0x00001299      0x4fc ./Sources/main.o
 .debug_info    0x00001795      0x517 ./Sources/lcd.o
 .debug_info    0x00001cac      0x42b ./Sources/botones.o
 .debug_info    0x000020d7      0x597 ./Sources/adc.o
 .debug_info    0x0000266e       0xe8 C:/Freescale/CW MCU v10.4/MCU/ARM_GCC_Support/ewl/lib/armv6-m\libc.a(exit.o)
 .debug_info    0x00002756       0xec C:/Freescale/CW MCU v10.4/MCU/ARM_GCC_Support/ewl/lib/armv6-m\libc.a(memset.o)
 .debug_info    0x00002842      0x50d C:/Freescale/CW MCU v10.4/MCU/ARM_GCC_Support/ewl/lib/armv6-m\libc.a(printformat_.o)
 .debug_info    0x00002d4f      0x568 C:/Freescale/CW MCU v10.4/MCU/ARM_GCC_Support/ewl/lib/armv6-m\libc.a(scanformat_.o)
 .debug_info    0x000032b7      0x313 C:/Freescale/CW MCU v10.4/MCU/ARM_GCC_Support/ewl/lib/armv6-m\libc.a(ctype_aeabi.o)
 .debug_info    0x000035ca      0x1d6 C:/Freescale/CW MCU v10.4/MCU/ARM_GCC_Support/ewl/lib/armv6-m\libc.a(__strtoul.o)
 .debug_info    0x000037a0      0x137 C:/Freescale/CW MCU v10.4/MCU/ARM_GCC_Support/ewl/lib/armv6-m\libc.a(__filll_mem.o)
 .debug_info    0x000038d7      0x121 C:/Freescale/CW MCU v10.4/MCU/ARM_GCC_Support/ewl/lib/armv6-m\libc.a(memchr.o)
 .debug_info    0x000039f8      0x10f C:/Freescale/CW MCU v10.4/MCU/ARM_GCC_Support/ewl/lib/armv6-m\libc.a(memcpy.o)
 .debug_info    0x00003b07      0x10b C:/Freescale/CW MCU v10.4/MCU/ARM_GCC_Support/ewl/lib/armv6-m\libc.a(strchr.o)
 .debug_info    0x00003c12       0xea C:/Freescale/CW MCU v10.4/MCU/ARM_GCC_Support/ewl/lib/armv6-m\libc.a(strlen.o)
 .debug_info    0x00003cfc      0x136 C:/Freescale/CW MCU v10.4/MCU/ARM_GCC_Support/ewl/lib/armv6-m\librt.a(gcc_ctor_dtor.o)
 .debug_info    0x00003e32      0x19b C:/Freescale/CW MCU v10.4/MCU/ARM_GCC_Support/ewl/lib/armv6-m\librt.a(ROMCopy.o)
 .debug_info    0x00003fcd      0x2b9 C:/Freescale/CW MCU v10.4/MCU/ARM_GCC_Support/ewl/lib/armv6-m\librt.a(__arm_eabi_init.o)

.debug_abbrev   0x00000000     0x13f4
 .debug_abbrev  0x00000000       0xe7 ./Project_Settings/Startup_Code/kinetis_sysinit.o
 .debug_abbrev  0x000000e7       0x92 ./Project_Settings/Startup_Code/__arm_start.o
 .debug_abbrev  0x00000179       0x4c ./Project_Settings/Startup_Code/__arm_end.o
 .debug_abbrev  0x000001c5       0xf6 ./Sources/timer.o
 .debug_abbrev  0x000002bb       0xe0 ./Sources/rtc.o
 .debug_abbrev  0x0000039b      0x10c ./Sources/main.o
 .debug_abbrev  0x000004a7      0x11d ./Sources/lcd.o
 .debug_abbrev  0x000005c4       0xf5 ./Sources/botones.o
 .debug_abbrev  0x000006b9      0x10d ./Sources/adc.o
 .debug_abbrev  0x000007c6       0x7a C:/Freescale/CW MCU v10.4/MCU/ARM_GCC_Support/ewl/lib/armv6-m\libc.a(exit.o)
 .debug_abbrev  0x00000840       0x62 C:/Freescale/CW MCU v10.4/MCU/ARM_GCC_Support/ewl/lib/armv6-m\libc.a(memset.o)
 .debug_abbrev  0x000008a2      0x200 C:/Freescale/CW MCU v10.4/MCU/ARM_GCC_Support/ewl/lib/armv6-m\libc.a(printformat_.o)
 .debug_abbrev  0x00000aa2      0x1f0 C:/Freescale/CW MCU v10.4/MCU/ARM_GCC_Support/ewl/lib/armv6-m\libc.a(scanformat_.o)
 .debug_abbrev  0x00000c92       0x9e C:/Freescale/CW MCU v10.4/MCU/ARM_GCC_Support/ewl/lib/armv6-m\libc.a(ctype_aeabi.o)
 .debug_abbrev  0x00000d30       0xc2 C:/Freescale/CW MCU v10.4/MCU/ARM_GCC_Support/ewl/lib/armv6-m\libc.a(__strtoul.o)
 .debug_abbrev  0x00000df2       0x78 C:/Freescale/CW MCU v10.4/MCU/ARM_GCC_Support/ewl/lib/armv6-m\libc.a(__filll_mem.o)
 .debug_abbrev  0x00000e6a       0x95 C:/Freescale/CW MCU v10.4/MCU/ARM_GCC_Support/ewl/lib/armv6-m\libc.a(memchr.o)
 .debug_abbrev  0x00000eff       0x95 C:/Freescale/CW MCU v10.4/MCU/ARM_GCC_Support/ewl/lib/armv6-m\libc.a(memcpy.o)
 .debug_abbrev  0x00000f94       0x7a C:/Freescale/CW MCU v10.4/MCU/ARM_GCC_Support/ewl/lib/armv6-m\libc.a(strchr.o)
 .debug_abbrev  0x0000100e       0x7a C:/Freescale/CW MCU v10.4/MCU/ARM_GCC_Support/ewl/lib/armv6-m\libc.a(strlen.o)
 .debug_abbrev  0x00001088       0x99 C:/Freescale/CW MCU v10.4/MCU/ARM_GCC_Support/ewl/lib/armv6-m\librt.a(gcc_ctor_dtor.o)
 .debug_abbrev  0x00001121      0x120 C:/Freescale/CW MCU v10.4/MCU/ARM_GCC_Support/ewl/lib/armv6-m\librt.a(ROMCopy.o)
 .debug_abbrev  0x00001241      0x1b3 C:/Freescale/CW MCU v10.4/MCU/ARM_GCC_Support/ewl/lib/armv6-m\librt.a(__arm_eabi_init.o)

.debug_loc      0x00000000     0x2b53
 .debug_loc     0x00000000       0x58 ./Project_Settings/Startup_Code/kinetis_sysinit.o
 .debug_loc     0x00000058       0x2c ./Project_Settings/Startup_Code/__arm_start.o
 .debug_loc     0x00000084       0x38 ./Project_Settings/Startup_Code/__arm_end.o
 .debug_loc     0x000000bc       0x58 ./Sources/timer.o
 .debug_loc     0x00000114       0x84 ./Sources/rtc.o
 .debug_loc     0x00000198       0xb0 ./Sources/main.o
 .debug_loc     0x00000248      0x138 ./Sources/lcd.o
 .debug_loc     0x00000380       0x90 ./Sources/botones.o
 .debug_loc     0x00000410       0x58 ./Sources/adc.o
 .debug_loc     0x00000468       0x3e C:/Freescale/CW MCU v10.4/MCU/ARM_GCC_Support/ewl/lib/armv6-m\libc.a(exit.o)
 .debug_loc     0x000004a6       0x6f C:/Freescale/CW MCU v10.4/MCU/ARM_GCC_Support/ewl/lib/armv6-m\libc.a(memset.o)
 .debug_loc     0x00000515     0x104b C:/Freescale/CW MCU v10.4/MCU/ARM_GCC_Support/ewl/lib/armv6-m\libc.a(printformat_.o)
 .debug_loc     0x00001560      0x9d8 C:/Freescale/CW MCU v10.4/MCU/ARM_GCC_Support/ewl/lib/armv6-m\libc.a(scanformat_.o)
 .debug_loc     0x00001f38      0x30d C:/Freescale/CW MCU v10.4/MCU/ARM_GCC_Support/ewl/lib/armv6-m\libc.a(ctype_aeabi.o)
 .debug_loc     0x00002245      0x305 C:/Freescale/CW MCU v10.4/MCU/ARM_GCC_Support/ewl/lib/armv6-m\libc.a(__strtoul.o)
 .debug_loc     0x0000254a      0x14a C:/Freescale/CW MCU v10.4/MCU/ARM_GCC_Support/ewl/lib/armv6-m\libc.a(__filll_mem.o)
 .debug_loc     0x00002694       0x77 C:/Freescale/CW MCU v10.4/MCU/ARM_GCC_Support/ewl/lib/armv6-m\libc.a(memchr.o)
 .debug_loc     0x0000270b       0x59 C:/Freescale/CW MCU v10.4/MCU/ARM_GCC_Support/ewl/lib/armv6-m\libc.a(memcpy.o)
 .debug_loc     0x00002764       0xaf C:/Freescale/CW MCU v10.4/MCU/ARM_GCC_Support/ewl/lib/armv6-m\libc.a(strchr.o)
 .debug_loc     0x00002813       0x33 C:/Freescale/CW MCU v10.4/MCU/ARM_GCC_Support/ewl/lib/armv6-m\libc.a(strlen.o)
 .debug_loc     0x00002846       0x9d C:/Freescale/CW MCU v10.4/MCU/ARM_GCC_Support/ewl/lib/armv6-m\librt.a(gcc_ctor_dtor.o)
 .debug_loc     0x000028e3       0xd9 C:/Freescale/CW MCU v10.4/MCU/ARM_GCC_Support/ewl/lib/armv6-m\librt.a(ROMCopy.o)
 .debug_loc     0x000029bc      0x197 C:/Freescale/CW MCU v10.4/MCU/ARM_GCC_Support/ewl/lib/armv6-m\librt.a(__arm_eabi_init.o)

.debug_aranges  0x00000000      0x428
 .debug_aranges
                0x00000000       0x28 ./Project_Settings/Startup_Code/kinetis_sysinit.o
 .debug_aranges
                0x00000028       0x30 ./Project_Settings/Startup_Code/__arm_start.o
 .debug_aranges
                0x00000058       0x20 ./Project_Settings/Startup_Code/__arm_end.o
 .debug_aranges
                0x00000078       0x28 ./Sources/timer.o
 .debug_aranges
                0x000000a0       0x30 ./Sources/rtc.o
 .debug_aranges
                0x000000d0       0x38 ./Sources/main.o
 .debug_aranges
                0x00000108       0x48 ./Sources/lcd.o
 .debug_aranges
                0x00000150       0x30 ./Sources/botones.o
 .debug_aranges
                0x00000180       0x28 ./Sources/adc.o
 .debug_aranges
                0x000001a8       0x20 C:/Freescale/CW MCU v10.4/MCU/ARM_GCC_Support/ewl/lib/armv6-m\libc.a(exit.o)
 .debug_aranges
                0x000001c8       0x20 C:/Freescale/CW MCU v10.4/MCU/ARM_GCC_Support/ewl/lib/armv6-m\libc.a(memset.o)
 .debug_aranges
                0x000001e8       0x28 C:/Freescale/CW MCU v10.4/MCU/ARM_GCC_Support/ewl/lib/armv6-m\libc.a(printformat_.o)
 .debug_aranges
                0x00000210       0x20 C:/Freescale/CW MCU v10.4/MCU/ARM_GCC_Support/ewl/lib/armv6-m\libc.a(scanformat_.o)
 .debug_aranges
                0x00000230       0x88 C:/Freescale/CW MCU v10.4/MCU/ARM_GCC_Support/ewl/lib/armv6-m\libc.a(ctype_aeabi.o)
 .debug_aranges
                0x000002b8       0x20 C:/Freescale/CW MCU v10.4/MCU/ARM_GCC_Support/ewl/lib/armv6-m\libc.a(__strtoul.o)
 .debug_aranges
                0x000002d8       0x20 C:/Freescale/CW MCU v10.4/MCU/ARM_GCC_Support/ewl/lib/armv6-m\libc.a(__filll_mem.o)
 .debug_aranges
                0x000002f8       0x20 C:/Freescale/CW MCU v10.4/MCU/ARM_GCC_Support/ewl/lib/armv6-m\libc.a(memchr.o)
 .debug_aranges
                0x00000318       0x20 C:/Freescale/CW MCU v10.4/MCU/ARM_GCC_Support/ewl/lib/armv6-m\libc.a(memcpy.o)
 .debug_aranges
                0x00000338       0x20 C:/Freescale/CW MCU v10.4/MCU/ARM_GCC_Support/ewl/lib/armv6-m\libc.a(strchr.o)
 .debug_aranges
                0x00000358       0x20 C:/Freescale/CW MCU v10.4/MCU/ARM_GCC_Support/ewl/lib/armv6-m\libc.a(strlen.o)
 .debug_aranges
                0x00000378       0x28 C:/Freescale/CW MCU v10.4/MCU/ARM_GCC_Support/ewl/lib/armv6-m\librt.a(gcc_ctor_dtor.o)
 .debug_aranges
                0x000003a0       0x30 C:/Freescale/CW MCU v10.4/MCU/ARM_GCC_Support/ewl/lib/armv6-m\librt.a(ROMCopy.o)
 .debug_aranges
                0x000003d0       0x58 C:/Freescale/CW MCU v10.4/MCU/ARM_GCC_Support/ewl/lib/armv6-m\librt.a(__arm_eabi_init.o)

.debug_macinfo  0x00000000   0x11393d
 .debug_macinfo
                0x00000000    0x264b5 ./Project_Settings/Startup_Code/kinetis_sysinit.o
 .debug_macinfo
                0x000264b5     0x3e6d ./Project_Settings/Startup_Code/__arm_start.o
 .debug_macinfo
                0x0002a322     0x3456 ./Project_Settings/Startup_Code/__arm_end.o
 .debug_macinfo
                0x0002d778    0x264c0 ./Sources/timer.o
 .debug_macinfo
                0x00053c38    0x26600 ./Sources/rtc.o
 .debug_macinfo
                0x0007a238    0x2668a ./Sources/main.o
 .debug_macinfo
                0x000a08c2    0x265bb ./Sources/lcd.o
 .debug_macinfo
                0x000c6e7d    0x264c0 ./Sources/botones.o
 .debug_macinfo
                0x000ed33d    0x26600 ./Sources/adc.o

.debug_line     0x00000000     0x22a2
 .debug_line    0x00000000      0x206 ./Project_Settings/Startup_Code/kinetis_sysinit.o
 .debug_line    0x00000206      0x289 ./Project_Settings/Startup_Code/__arm_start.o
 .debug_line    0x0000048f      0x266 ./Project_Settings/Startup_Code/__arm_end.o
 .debug_line    0x000006f5      0x1e6 ./Sources/timer.o
 .debug_line    0x000008db      0x20c ./Sources/rtc.o
 .debug_line    0x00000ae7      0x28c ./Sources/main.o
 .debug_line    0x00000d73      0x260 ./Sources/lcd.o
 .debug_line    0x00000fd3      0x208 ./Sources/botones.o
 .debug_line    0x000011db      0x1eb ./Sources/adc.o
 .debug_line    0x000013c6       0x8d C:/Freescale/CW MCU v10.4/MCU/ARM_GCC_Support/ewl/lib/armv6-m\libc.a(exit.o)
 .debug_line    0x00001453       0x90 C:/Freescale/CW MCU v10.4/MCU/ARM_GCC_Support/ewl/lib/armv6-m\libc.a(memset.o)
 .debug_line    0x000014e3      0x2c3 C:/Freescale/CW MCU v10.4/MCU/ARM_GCC_Support/ewl/lib/armv6-m\libc.a(printformat_.o)
 .debug_line    0x000017a6      0x2be C:/Freescale/CW MCU v10.4/MCU/ARM_GCC_Support/ewl/lib/armv6-m\libc.a(scanformat_.o)
 .debug_line    0x00001a64      0x1be C:/Freescale/CW MCU v10.4/MCU/ARM_GCC_Support/ewl/lib/armv6-m\libc.a(ctype_aeabi.o)
 .debug_line    0x00001c22      0x11e C:/Freescale/CW MCU v10.4/MCU/ARM_GCC_Support/ewl/lib/armv6-m\libc.a(__strtoul.o)
 .debug_line    0x00001d40       0xf6 C:/Freescale/CW MCU v10.4/MCU/ARM_GCC_Support/ewl/lib/armv6-m\libc.a(__filll_mem.o)
 .debug_line    0x00001e36       0x9f C:/Freescale/CW MCU v10.4/MCU/ARM_GCC_Support/ewl/lib/armv6-m\libc.a(memchr.o)
 .debug_line    0x00001ed5       0x8b C:/Freescale/CW MCU v10.4/MCU/ARM_GCC_Support/ewl/lib/armv6-m\libc.a(memcpy.o)
 .debug_line    0x00001f60       0x7d C:/Freescale/CW MCU v10.4/MCU/ARM_GCC_Support/ewl/lib/armv6-m\libc.a(strchr.o)
 .debug_line    0x00001fdd       0x85 C:/Freescale/CW MCU v10.4/MCU/ARM_GCC_Support/ewl/lib/armv6-m\libc.a(strlen.o)
 .debug_line    0x00002062       0x6c C:/Freescale/CW MCU v10.4/MCU/ARM_GCC_Support/ewl/lib/armv6-m\librt.a(gcc_ctor_dtor.o)
 .debug_line    0x000020ce       0xbd C:/Freescale/CW MCU v10.4/MCU/ARM_GCC_Support/ewl/lib/armv6-m\librt.a(ROMCopy.o)
 .debug_line    0x0000218b      0x117 C:/Freescale/CW MCU v10.4/MCU/ARM_GCC_Support/ewl/lib/armv6-m\librt.a(__arm_eabi_init.o)

.debug_str      0x00000000     0x1149
 .debug_str     0x00000000      0x287 ./Project_Settings/Startup_Code/kinetis_sysinit.o
                                0x2ae (size before relaxing)
 .debug_str     0x00000287       0x85 ./Project_Settings/Startup_Code/__arm_start.o
                                0x188 (size before relaxing)
 .debug_str     0x0000030c       0x41 ./Project_Settings/Startup_Code/__arm_end.o
                                 0xbf (size before relaxing)
 .debug_str     0x0000034d      0x2f2 ./Sources/timer.o
                                0x4da (size before relaxing)
 .debug_str     0x0000063f       0xd9 ./Sources/rtc.o
                                0x2f0 (size before relaxing)
 .debug_str     0x00000718       0xe9 ./Sources/main.o
                                0x24e (size before relaxing)
 .debug_str     0x00000801       0x55 ./Sources/lcd.o
                                0x2b6 (size before relaxing)
 .debug_str     0x00000856       0x37 ./Sources/botones.o
                                0x291 (size before relaxing)
 .debug_str     0x0000088d       0x25 ./Sources/adc.o
                                0x2b5 (size before relaxing)
 .debug_str     0x000008b2       0x5a C:/Freescale/CW MCU v10.4/MCU/ARM_GCC_Support/ewl/lib/armv6-m\libc.a(exit.o)
                                0x157 (size before relaxing)
 .debug_str     0x0000090c       0x23 C:/Freescale/CW MCU v10.4/MCU/ARM_GCC_Support/ewl/lib/armv6-m\libc.a(memset.o)
                                0x140 (size before relaxing)
 .debug_str     0x0000092f      0x244 C:/Freescale/CW MCU v10.4/MCU/ARM_GCC_Support/ewl/lib/armv6-m\libc.a(printformat_.o)
                                0x3b3 (size before relaxing)
 .debug_str     0x00000b73      0x184 C:/Freescale/CW MCU v10.4/MCU/ARM_GCC_Support/ewl/lib/armv6-m\libc.a(scanformat_.o)
                                0x3f9 (size before relaxing)
 .debug_str     0x00000cf7       0x9d C:/Freescale/CW MCU v10.4/MCU/ARM_GCC_Support/ewl/lib/armv6-m\libc.a(ctype_aeabi.o)
                                0x1bc (size before relaxing)
 .debug_str     0x00000d94       0x61 C:/Freescale/CW MCU v10.4/MCU/ARM_GCC_Support/ewl/lib/armv6-m\libc.a(__strtoul.o)
                                0x1fb (size before relaxing)
 .debug_str     0x00000df5       0x25 C:/Freescale/CW MCU v10.4/MCU/ARM_GCC_Support/ewl/lib/armv6-m\libc.a(__filll_mem.o)
                                0x152 (size before relaxing)
 .debug_str     0x00000e1a       0x1c C:/Freescale/CW MCU v10.4/MCU/ARM_GCC_Support/ewl/lib/armv6-m\libc.a(memchr.o)
                                0x148 (size before relaxing)
 .debug_str     0x00000e36       0x1c C:/Freescale/CW MCU v10.4/MCU/ARM_GCC_Support/ewl/lib/armv6-m\libc.a(memcpy.o)
                                0x138 (size before relaxing)
 .debug_str     0x00000e52       0x1c C:/Freescale/CW MCU v10.4/MCU/ARM_GCC_Support/ewl/lib/armv6-m\libc.a(strchr.o)
                                0x137 (size before relaxing)
 .debug_str     0x00000e6e       0x1c C:/Freescale/CW MCU v10.4/MCU/ARM_GCC_Support/ewl/lib/armv6-m\libc.a(strlen.o)
                                0x140 (size before relaxing)
 .debug_str     0x00000e8a      0x126 C:/Freescale/CW MCU v10.4/MCU/ARM_GCC_Support/ewl/lib/armv6-m\librt.a(gcc_ctor_dtor.o)
                                0x181 (size before relaxing)
 .debug_str     0x00000fb0       0xa1 C:/Freescale/CW MCU v10.4/MCU/ARM_GCC_Support/ewl/lib/armv6-m\librt.a(ROMCopy.o)
                                0x13c (size before relaxing)
 .debug_str     0x00001051       0xf8 C:/Freescale/CW MCU v10.4/MCU/ARM_GCC_Support/ewl/lib/armv6-m\librt.a(__arm_eabi_init.o)
                                0x1b5 (size before relaxing)

.comment        0x00000000       0x79
 .comment       0x00000000       0x79 ./Project_Settings/Startup_Code/kinetis_sysinit.o
                                 0x7a (size before relaxing)
 .comment       0x00000000       0x7a ./Project_Settings/Startup_Code/__arm_start.o
 .comment       0x00000000       0x7a ./Project_Settings/Startup_Code/__arm_end.o
 .comment       0x00000000       0x7a ./Sources/timer.o
 .comment       0x00000000       0x7a ./Sources/rtc.o
 .comment       0x00000000       0x7a ./Sources/main.o
 .comment       0x00000000       0x7a ./Sources/lcd.o
 .comment       0x00000000       0x7a ./Sources/botones.o
 .comment       0x00000000       0x7a ./Sources/adc.o
 .comment       0x00000000       0x7a C:/Freescale/CW MCU v10.4/MCU/ARM_GCC_Support/ewl/lib/armv6-m\libc.a(exit.o)
 .comment       0x00000000       0x7a C:/Freescale/CW MCU v10.4/MCU/ARM_GCC_Support/ewl/lib/armv6-m\libc.a(memset.o)
 .comment       0x00000000       0x7a C:/Freescale/CW MCU v10.4/MCU/ARM_GCC_Support/ewl/lib/armv6-m\libc.a(printformat_.o)
 .comment       0x00000000       0x7a C:/Freescale/CW MCU v10.4/MCU/ARM_GCC_Support/ewl/lib/armv6-m\libc.a(scanformat_.o)
 .comment       0x00000000       0x7a C:/Freescale/CW MCU v10.4/MCU/ARM_GCC_Support/ewl/lib/armv6-m\libc.a(ctype_aeabi.o)
 .comment       0x00000000       0x7a C:/Freescale/CW MCU v10.4/MCU/ARM_GCC_Support/ewl/lib/armv6-m\libc.a(__strtoul.o)
 .comment       0x00000000       0x7a C:/Freescale/CW MCU v10.4/MCU/ARM_GCC_Support/ewl/lib/armv6-m\libc.a(__filll_mem.o)
 .comment       0x00000000       0x7a C:/Freescale/CW MCU v10.4/MCU/ARM_GCC_Support/ewl/lib/armv6-m\libc.a(memchr.o)
 .comment       0x00000000       0x7a C:/Freescale/CW MCU v10.4/MCU/ARM_GCC_Support/ewl/lib/armv6-m\libc.a(memcpy.o)
 .comment       0x00000000       0x7a C:/Freescale/CW MCU v10.4/MCU/ARM_GCC_Support/ewl/lib/armv6-m\libc.a(strchr.o)
 .comment       0x00000000       0x7a C:/Freescale/CW MCU v10.4/MCU/ARM_GCC_Support/ewl/lib/armv6-m\libc.a(strlen.o)
 .comment       0x00000000       0x7a C:/Freescale/CW MCU v10.4/MCU/ARM_GCC_Support/ewl/lib/armv6-m\librt.a(gcc_ctor_dtor.o)
 .comment       0x00000000       0x7a C:/Freescale/CW MCU v10.4/MCU/ARM_GCC_Support/ewl/lib/armv6-m\librt.a(ROMCopy.o)
 .comment       0x00000000       0x7a C:/Freescale/CW MCU v10.4/MCU/ARM_GCC_Support/ewl/lib/armv6-m\librt.a(__arm_eabi_init.o)

.debug_frame    0x00000000      0x808
 .debug_frame   0x00000000       0x48 ./Project_Settings/Startup_Code/kinetis_sysinit.o
 .debug_frame   0x00000048       0x4c ./Project_Settings/Startup_Code/__arm_start.o
 .debug_frame   0x00000094       0x30 ./Project_Settings/Startup_Code/__arm_end.o
 .debug_frame   0x000000c4       0x48 ./Sources/timer.o
 .debug_frame   0x0000010c       0x64 ./Sources/rtc.o
 .debug_frame   0x00000170       0x80 ./Sources/main.o
 .debug_frame   0x000001f0       0xc8 ./Sources/lcd.o
 .debug_frame   0x000002b8       0x68 ./Sources/botones.o
 .debug_frame   0x00000320       0x48 ./Sources/adc.o
 .debug_frame   0x00000368       0x2c C:/Freescale/CW MCU v10.4/MCU/ARM_GCC_Support/ewl/lib/armv6-m\libc.a(exit.o)
 .debug_frame   0x00000394       0x28 C:/Freescale/CW MCU v10.4/MCU/ARM_GCC_Support/ewl/lib/armv6-m\libc.a(memset.o)
 .debug_frame   0x000003bc       0x54 C:/Freescale/CW MCU v10.4/MCU/ARM_GCC_Support/ewl/lib/armv6-m\libc.a(printformat_.o)
 .debug_frame   0x00000410       0x34 C:/Freescale/CW MCU v10.4/MCU/ARM_GCC_Support/ewl/lib/armv6-m\libc.a(scanformat_.o)
 .debug_frame   0x00000444      0x158 C:/Freescale/CW MCU v10.4/MCU/ARM_GCC_Support/ewl/lib/armv6-m\libc.a(ctype_aeabi.o)
 .debug_frame   0x0000059c       0x30 C:/Freescale/CW MCU v10.4/MCU/ARM_GCC_Support/ewl/lib/armv6-m\libc.a(__strtoul.o)
 .debug_frame   0x000005cc       0x2c C:/Freescale/CW MCU v10.4/MCU/ARM_GCC_Support/ewl/lib/armv6-m\libc.a(__filll_mem.o)
 .debug_frame   0x000005f8       0x28 C:/Freescale/CW MCU v10.4/MCU/ARM_GCC_Support/ewl/lib/armv6-m\libc.a(memchr.o)
 .debug_frame   0x00000620       0x28 C:/Freescale/CW MCU v10.4/MCU/ARM_GCC_Support/ewl/lib/armv6-m\libc.a(memcpy.o)
 .debug_frame   0x00000648       0x28 C:/Freescale/CW MCU v10.4/MCU/ARM_GCC_Support/ewl/lib/armv6-m\libc.a(strchr.o)
 .debug_frame   0x00000670       0x28 C:/Freescale/CW MCU v10.4/MCU/ARM_GCC_Support/ewl/lib/armv6-m\libc.a(strlen.o)
 .debug_frame   0x00000698       0x20 c:/freescale/cw mcu v10.4/cross_tools/arm-none-eabi-gcc-4_7_3/bin/../lib/gcc/arm-none-eabi/4.7.3/armv6-m\libgcc.a(_udivsi3.o)
 .debug_frame   0x000006b8       0x40 C:/Freescale/CW MCU v10.4/MCU/ARM_GCC_Support/ewl/lib/armv6-m\librt.a(gcc_ctor_dtor.o)
 .debug_frame   0x000006f8       0x54 C:/Freescale/CW MCU v10.4/MCU/ARM_GCC_Support/ewl/lib/armv6-m\librt.a(ROMCopy.o)
 .debug_frame   0x0000074c       0xbc C:/Freescale/CW MCU v10.4/MCU/ARM_GCC_Support/ewl/lib/armv6-m\librt.a(__arm_eabi_init.o)
